// Jest Snapshot v1, https://jestjs.io/docs/snapshot-testing

exports[`DashboardOverview renders DashboardOverview unchanged 1`] = `
<div>
  <main>
    <h1
      class="className mb-4 text-xl md:text-2xl"
    >
      Dashboard
    </h1>
    <div
      class="grid gap-6 sm:grid-cols-2 lg:grid-cols-4"
    >
      <div>
        Dummy CardWrapper
      </div>
    </div>
    <div
      class="mt-6 grid grid-cols-1 gap-6 md:grid-cols-4 lg:grid-cols-8"
    >
      <div>
        Dummy RevenueChart
      </div>
      <div>
        Dummy LatestInvoices
      </div>
    </div>
  </main>
</div>
`;
